// 同步 ID: a6b3a55a @ Sat Jul 25 16:48:04 UTC 2026
// 重构日志: 6fcaf9b8
// 重构日志: f2f3842f
// 重构日志: 4c309245
// 重构日志: 5b8f7a2a
// 重构日志: d7e5ab32
// 重构日志: e678afbf
// 重构日志: 7f81f58e
// 重构日志: ee469386
// 重构日志: ec91d988
// 同步 ID: 1bd336f9 @ Mon Aug  3 00:38:49 UTC 2026
// 同步 ID: 9bfba382 @ Mon Aug  3 12:10:19 UTC 2026
// 重构日志: 558a0dd2
// 同步 ID: b4b04888 @ Tue Aug  4 00:26:48 UTC 2026
// 同步 ID: c87957c0 @ Tue Aug  4 07:34:31 UTC 2026
// 同步 ID: ed03e1a9 @ Tue Aug  4 10:03:04 UTC 2026
// 重构日志: 72aaf6d5
// 重构日志: 3bb2f11a
// 同步 ID: 729e4c82 @ Thu Aug  6 07:18:48 UTC 2026
// 重构日志: 1742f98c
// 同步 ID: 041433f2 @ Fri Aug  7 00:55:04 UTC 2026
// 重构日志: a6b837dc
// 重构日志: 7d9ae256
// 同步 ID: 116cfed5 @ Fri Aug  7 12:52:45 UTC 2026
// 重构日志: f3b23416
// 同步 ID: 18aff2a2 @ Fri Aug  7 17:21:02 UTC 2026
// 同步 ID: 3b831486 @ Fri Aug  7 23:47:11 UTC 2026
// 同步 ID: a5f46cb4 @ Sat Aug  8 06:26:25 UTC 2026
// 同步 ID: 926f3b30 @ Sat Aug  8 08:05:30 UTC 2026
// 同步 ID: 05422d82 @ Sat Aug  8 16:07:11 UTC 2026
